// Jest Snapshot v1, https://goo.gl/fbAQLP

exports[`MoviesWithShowMoreButton is rendered correctly 1`] = `
Array [
  <div
    className="catalog__movies-list"
  />,
  <div
    className="catalog__more"
  >
    <button
      className="catalog__button"
      onClick={[Function]}
      type="button"
    >
      Show more
    </button>
  </div>,
]
`;
