// Jest Snapshot v1, https://goo.gl/fbAQLP

exports[`Movie is rendered correctly 1`] = `"Загрузка..."`;
