// Jest Snapshot v1, https://goo.gl/fbAQLP

exports[`AddReview is rendered correctly 1`] = `"Загрузка..."`;
